Using node http://libertalia.nemtest.net:7890
Fetching current network time from /time-sync/network-time
  Network time: 351947283 s since the nemesis block
  Transaction fee: 0.05 XEM
Built transaction:
{
  type: 257,
  version: 2,
  network: 152,
  timestamp: 351947283,
  signerPublicKey: '462EE976890916E54FA825D26BDD0235F5EB5B6A143C199AB0AE5EE9328E08CE',
  signature: '17FF7D37A63F3CFC43C790300A7B7F1C8A2A2B1C5D64546007C7D02C771516EE8872A6BBAE414486DC2D4750BBAACB41B3140D45CC319F51B7CBC1D524545C06',
  fee: '50000',
  deadline: 351954483,
  recipientAddress: '5442554C4541554732435A51495355523434324857413655414B47574958484441424A5649505334',
  amount: '1000000',
  mosaics: []
}
Announcing transaction to /transaction/announce
  Result: SUCCESS
Waiting for confirmation from /transaction/get?hash=436A43BDD3CE1F0A5A5EFC40A9027D3732D59AB3C507818A1B436EC7B32BF099
  Transaction status: pending
  Transaction status: pending
  Transaction status: pending
  Transaction status: pending
  Transaction status: pending
  Transaction status: pending
  Transaction status: pending
  Transaction status: pending
  Transaction status: pending
  Transaction status: pending
  Transaction status: pending
  Transaction status: pending
Transaction confirmed in block 626588
