Using node http://libertalia.nemtest.net:7890
Signer address: TBONKWCOWBZYZB2I5JD3LSDBQVBYHB757VN3SKPP
Fetching current network time from /time-sync/network-time
  Network time: 356000940 s since the nemesis block
Creating mosaic: my_namespace:token_1783588525
  Mosaic creation fee: 10.0 XEM
  Transaction fee: 0.15 XEM
Built mosaic definition transaction:
{
  "type": 16385,
  "version": 1,
  "network": 152,
  "timestamp": 356000940,
  "signer_public_key": "462EE976890916E54FA825D26BDD0235F5EB5B6A143C199AB0AE5EE9328E08CE",
  "signature": "A874D12F42F1339F1DD86E1FF484C66711E24DEC215DD1279F59BC11B9E5BB65F1F912A6F498A1B7EFADFEFFE5815F8BE0C561D1DDC8952510176A3667C4850C",
  "fee": "150000",
  "deadline": 356008140,
  "mosaic_definition": {
    "owner_public_key": "462EE976890916E54FA825D26BDD0235F5EB5B6A143C199AB0AE5EE9328E08CE",
    "id": {
      "namespace_id": {
        "name": "6d795f6e616d657370616365"
      },
      "name": "746f6b656e5f31373833353838353235"
    },
    "description": "4d79207475746f7269616c206d6f73616963",
    "properties": [
      {
        "property": {
          "name": "64697669736962696c697479",
          "value": "32"
        }
      },
      {
        "property": {
          "name": "696e697469616c537570706c79",
          "value": "31303030"
        }
      },
      {
        "property": {
          "name": "737570706c794d757461626c65",
          "value": "74727565"
        }
      },
      {
        "property": {
          "name": "7472616e7366657261626c65",
          "value": "74727565"
        }
      }
    ]
  },
  "rental_fee_sink": "54424D4F534149434F443446353445453543444D523233434342474F414D3258534A4252354F4C43",
  "rental_fee": "10000000"
}
Announcing mosaic definition to /transaction/announce
  Result: SUCCESS
Waiting for confirmation from /transaction/get?hash=E52F569372C6079A7A0A35B40A503F68BAF6FBEE455B84182EDA7AEC9F0608C1
  Transaction status: pending
  Transaction status: pending
  Transaction status: pending
Transaction confirmed in block 693562
Fetching mosaic information from /mosaic/definition?mosaicId=my_namespace:token_1783588525
Mosaic information:
  Creator: 462ee976890916e54fa825d26bdd0235f5eb5b6a143c199ab0ae5ee9328e08ce
  Divisibility: 2
  Initial supply: 1000
  Supply mutable: true
  Transferable: true
